// Jest Snapshot v1, https://goo.gl/fbAQLP

exports[`ActivityBar renders correctly 1`] = `
<View
  style={
    Object {
      "height": 2,
    }
  }
/>
`;
