// Jest Snapshot v1, https://goo.gl/fbAQLP

exports[`SpriteSwiper renders correctly 1`] = `
<View
  onLayout={[Function]}
  style={
    Array [
      Object {
        "backgroundColor": "transparent",
        "flex": 1,
        "position": "relative",
      },
      undefined,
    ]
  }
>
  <RCTScrollView
    automaticallyAdjustContentInsets={false}
    autoplay={false}
    autoplayDirection={true}
    autoplayTimeout={2.5}
    bounces={false}
    contentContainerStyle={
      Array [
        Object {
          "backgroundColor": "transparent",
        },
        Object {},
      ]
    }
    contentOffset={
      Object {
        "x": 0,
      }
    }
    disableNextButton={false}
    horizontal={true}
    index={0}
    loadMinimal={false}
    loadMinimalSize={1}
    loop={true}
    onIndexChanged={[Function]}
    onMomentumScrollEnd={[Function]}
    onScrollBeginDrag={[Function]}
    onScrollEndDrag={[Function]}
    pagingEnabled={true}
    removeClippedSubviews={true}
    scrollsToTop={false}
    showsButtons={false}
    showsHorizontalScrollIndicator={false}
    showsPagination={false}
    showsVerticalScrollIndicator={false}
    style={Object {}}
  >
    <View>
      <View
        style={
          Array [
            Object {
              "height": 1334,
              "width": 750,
            },
            Object {
              "backgroundColor": "transparent",
            },
          ]
        }
      >
        <Image
          source={
            Object {
              "uri": "https://raw.githubusercontent.com/PokeAPI/sprites/master/sprites/pokemon/shiny/6.png",
            }
          }
          style={
            Object {
              "height": 100,
              "width": 100,
            }
          }
        />
      </View>
      <View
        style={
          Array [
            Object {
              "height": 1334,
              "width": 750,
            },
            Object {
              "backgroundColor": "transparent",
            },
          ]
        }
      >
        <Image
          source={
            Object {
              "uri": "https://raw.githubusercontent.com/PokeAPI/sprites/master/sprites/pokemon/back/6.png",
            }
          }
          style={
            Object {
              "height": 100,
              "width": 100,
            }
          }
        />
      </View>
      <View
        style={
          Array [
            Object {
              "height": 1334,
              "width": 750,
            },
            Object {
              "backgroundColor": "transparent",
            },
          ]
        }
      >
        <Image
          source={
            Object {
              "uri": "https://raw.githubusercontent.com/PokeAPI/sprites/master/sprites/pokemon/back/shiny/6.png",
            }
          }
          style={
            Object {
              "height": 100,
              "width": 100,
            }
          }
        />
      </View>
      <View
        style={
          Array [
            Object {
              "height": 1334,
              "width": 750,
            },
            Object {
              "backgroundColor": "transparent",
            },
          ]
        }
      >
        <Image
          source={
            Object {
              "uri": "https://raw.githubusercontent.com/PokeAPI/sprites/master/sprites/pokemon/6.png",
            }
          }
          style={
            Object {
              "height": 100,
              "width": 100,
            }
          }
        />
      </View>
      <View
        style={
          Array [
            Object {
              "height": 1334,
              "width": 750,
            },
            Object {
              "backgroundColor": "transparent",
            },
          ]
        }
      >
        <Image
          source={
            Object {
              "uri": "https://raw.githubusercontent.com/PokeAPI/sprites/master/sprites/pokemon/shiny/6.png",
            }
          }
          style={
            Object {
              "height": 100,
              "width": 100,
            }
          }
        />
      </View>
      <View
        style={
          Array [
            Object {
              "height": 1334,
              "width": 750,
            },
            Object {
              "backgroundColor": "transparent",
            },
          ]
        }
      >
        <Image
          source={
            Object {
              "uri": "https://raw.githubusercontent.com/PokeAPI/sprites/master/sprites/pokemon/back/6.png",
            }
          }
          style={
            Object {
              "height": 100,
              "width": 100,
            }
          }
        />
      </View>
    </View>
  </RCTScrollView>
</View>
`;
