// Jest Snapshot v1, https://goo.gl/fbAQLP

exports[`LoadMore renders correctly 1`] = `
<View
  accessibilityComponentType={undefined}
  accessibilityLabel={undefined}
  accessibilityTraits={undefined}
  accessible={true}
  hasTVPreferredFocus={undefined}
  hitSlop={undefined}
  isTVSelectable={true}
  nativeID={undefined}
  onLayout={undefined}
  onResponderGrant={[Function]}
  onResponderMove={[Function]}
  onResponderRelease={[Function]}
  onResponderTerminate={[Function]}
  onResponderTerminationRequest={[Function]}
  onStartShouldSetResponder={[Function]}
  style={
    Array [
      Object {
        "backgroundColor": "transparent",
      },
      undefined,
    ]
  }
  testID={undefined}
  tvParallaxProperties={undefined}
>
  <Text
    accessible={true}
    allowFontScaling={true}
    disabled={false}
    ellipsizeMode="tail"
  >
    Load more
  </Text>
</View>
`;
