// Jest Snapshot v1, https://goo.gl/fbAQLP

exports[`ActivityIndicator should render properly 1`] = `
<ActivityIndicator
  animating={true}
  color="lightgrey"
  hidesWhenStopped={true}
  size="large"
/>
`;
