// Jest Snapshot v1, https://goo.gl/fbAQLP

exports[`BackHandler renders properly 1`] = `null`;
