// Jest Snapshot v1, https://goo.gl/fbAQLP

exports[`SlideView renders properly 1`] = `
<View
  collapsable={undefined}
  style={
    Object {
      "left": "-100%",
    }
  }
>
  Some text
</View>
`;
