// Jest Snapshot v1, https://goo.gl/fbAQLP

exports[`StatsPanel renders properly 1`] = `
<View
  style={
    Array [
      Object {
        "alignItems": "baseline",
        "flexDirection": "row",
        "height": 120,
        "justifyContent": "space-between",
        "marginTop": 10,
      },
      undefined,
    ]
  }
>
  <View
    style={
      Object {
        "flex": 1,
        "flexDirection": "column",
        "height": 120,
        "marginLeft": 5,
        "marginRight": 5,
      }
    }
  >
    <View
      style={
        Array [
          Object {
            "bottom": 20,
            "position": "absolute",
            "width": "100%",
          },
          Object {
            "backgroundColor": "pink",
            "height": 100,
          },
        ]
      }
    />
    <Text
      accessible={true}
      allowFontScaling={true}
      disabled={false}
      ellipsizeMode="tail"
      style={
        Object {
          "backgroundColor": "lightgrey",
          "bottom": 0,
          "fontSize": 12,
          "height": 20,
          "position": "absolute",
          "textAlign": "center",
          "width": "100%",
        }
      }
    >
      Speed
    </Text>
  </View>
  <View
    style={
      Object {
        "flex": 1,
        "flexDirection": "column",
        "height": 120,
        "marginLeft": 5,
        "marginRight": 5,
      }
    }
  >
    <View
      style={
        Array [
          Object {
            "bottom": 20,
            "position": "absolute",
            "width": "100%",
          },
          Object {
            "backgroundColor": "lightgreen",
            "height": 85,
          },
        ]
      }
    />
    <Text
      accessible={true}
      allowFontScaling={true}
      disabled={false}
      ellipsizeMode="tail"
      style={
        Object {
          "backgroundColor": "lightgrey",
          "bottom": 0,
          "fontSize": 12,
          "height": 20,
          "position": "absolute",
          "textAlign": "center",
          "width": "100%",
        }
      }
    >
      Sp. Def
    </Text>
  </View>
  <View
    style={
      Object {
        "flex": 1,
        "flexDirection": "column",
        "height": 120,
        "marginLeft": 5,
        "marginRight": 5,
      }
    }
  >
    <View
      style={
        Array [
          Object {
            "bottom": 20,
            "position": "absolute",
            "width": "100%",
          },
          Object {
            "backgroundColor": "lightblue",
            "height": 109,
          },
        ]
      }
    />
    <Text
      accessible={true}
      allowFontScaling={true}
      disabled={false}
      ellipsizeMode="tail"
      style={
        Object {
          "backgroundColor": "lightgrey",
          "bottom": 0,
          "fontSize": 12,
          "height": 20,
          "position": "absolute",
          "textAlign": "center",
          "width": "100%",
        }
      }
    >
      Sp. Atk
    </Text>
  </View>
  <View
    style={
      Object {
        "flex": 1,
        "flexDirection": "column",
        "height": 120,
        "marginLeft": 5,
        "marginRight": 5,
      }
    }
  >
    <View
      style={
        Array [
          Object {
            "bottom": 20,
            "position": "absolute",
            "width": "100%",
          },
          Object {
            "backgroundColor": "yellow",
            "height": 78,
          },
        ]
      }
    />
    <Text
      accessible={true}
      allowFontScaling={true}
      disabled={false}
      ellipsizeMode="tail"
      style={
        Object {
          "backgroundColor": "lightgrey",
          "bottom": 0,
          "fontSize": 12,
          "height": 20,
          "position": "absolute",
          "textAlign": "center",
          "width": "100%",
        }
      }
    >
      Def
    </Text>
  </View>
  <View
    style={
      Object {
        "flex": 1,
        "flexDirection": "column",
        "height": 120,
        "marginLeft": 5,
        "marginRight": 5,
      }
    }
  >
    <View
      style={
        Array [
          Object {
            "bottom": 20,
            "position": "absolute",
            "width": "100%",
          },
          Object {
            "backgroundColor": "orange",
            "height": 84,
          },
        ]
      }
    />
    <Text
      accessible={true}
      allowFontScaling={true}
      disabled={false}
      ellipsizeMode="tail"
      style={
        Object {
          "backgroundColor": "lightgrey",
          "bottom": 0,
          "fontSize": 12,
          "height": 20,
          "position": "absolute",
          "textAlign": "center",
          "width": "100%",
        }
      }
    >
      Atk
    </Text>
  </View>
  <View
    style={
      Object {
        "flex": 1,
        "flexDirection": "column",
        "height": 120,
        "marginLeft": 5,
        "marginRight": 5,
      }
    }
  >
    <View
      style={
        Array [
          Object {
            "bottom": 20,
            "position": "absolute",
            "width": "100%",
          },
          Object {
            "backgroundColor": "red",
            "height": 78,
          },
        ]
      }
    />
    <Text
      accessible={true}
      allowFontScaling={true}
      disabled={false}
      ellipsizeMode="tail"
      style={
        Object {
          "backgroundColor": "lightgrey",
          "bottom": 0,
          "fontSize": 12,
          "height": 20,
          "position": "absolute",
          "textAlign": "center",
          "width": "100%",
        }
      }
    >
      HP
    </Text>
  </View>
</View>
`;
