// Jest Snapshot v1, https://goo.gl/fbAQLP

exports[`BulletType renders correctly 1`] = `
<View
  style={
    Array [
      undefined,
      Object {
        "flex": 1,
      },
      Object {
        "backgroundColor": "black",
      },
    ]
  }
>
  <Text
    accessible={true}
    allowFontScaling={true}
    disabled={false}
    ellipsizeMode="tail"
    style={
      Object {
        "color": "white",
        "flex": 1,
        "textAlign": "center",
      }
    }
  >
    HP
  </Text>
</View>
`;
