// Jest Snapshot v1, https://goo.gl/fbAQLP

exports[`Clear renders correctly 1`] = `
<Image
  source={1}
  style={
    Object {
      "height": 20,
      "width": 20,
    }
  }
/>
`;
