// Jest Snapshot v1, https://goo.gl/fbAQLP

exports[`ErrorModal renders correctly 1`] = `
<Modal
  hardwareAccelerated={false}
  visible={true}
>
  <Text
    accessible={true}
    allowFontScaling={true}
    disabled={false}
    ellipsizeMode="tail"
  >
    some text
  </Text>
</Modal>
`;
