// Jest Snapshot v1, https://goo.gl/fbAQLP

exports[`AppTitle should render properly 1`] = `
<Image
  source={1}
  style={
    Object {
      "height": 30,
      "width": 170,
    }
  }
/>
`;
