// Jest Snapshot v1, https://goo.gl/fbAQLP

exports[`SearchBar renders properly 1`] = `null`;
