// Jest Snapshot v1, https://goo.gl/fbAQLP

exports[`PokemonDetail renders properly 1`] = `
<View
  style={
    Object {
      "flex": 1,
    }
  }
/>
`;
