// Jest Snapshot v1, https://goo.gl/fbAQLP

exports[`TitleBar renders properly 1`] = `null`;
